00:00 +0: loading /app/test/widget_test.dart                                                                                                                                                           00:01 +0: loading /app/test/widget_test.dart                                                                                                                                                           00:02 +0: loading /app/test/widget_test.dart                                                                                                                                                           00:03 +0: loading /app/test/widget_test.dart                                                                                                                                                           00:03 +0: App starts with Splash and navigates to Onboarding by default                                                                                                                                00:04 +0: App starts with Splash and navigates to Onboarding by default                                                                                                                                00:04 +1: App starts with Splash and navigates to Onboarding by default                                                                                                                                00:04 +1: All tests passed!
